Microsoft Windows [Version 10.0.17134.112]
(c) Корпорация Майкрософт (Microsoft Corporation), 2018. Все права защищены.

C:\Users\User>javap
Usage: javap <options> <classes>
where possible options include:
  -help  --help  -?        Print this usage message
  -version                 Version information
  -v  -verbose             Print additional information
  -l                       Print line number and local variable tables
  -public                  Show only public classes and members
  -protected               Show protected/public classes and members
  -package                 Show package/protected/public classes
                           and members (default)
  -p  -private             Show all classes and members
  -c                       Disassemble the code
  -s                       Print internal type signatures
  -sysinfo                 Show system info (path, size, date, MD5 hash)
                           of class being processed
  -constants               Show final constants
  -classpath <path>        Specify where to find user class files
  -cp <path>               Specify where to find user class files
  -bootclasspath <path>    Override location of bootstrap class files

C:\Users\User>cd /d D:\JAVA\General\src\main\java\

D:\JAVA\General\src\main\java>javac Test.java

D:\JAVA\General\src\main\java>java Test
[]

D:\JAVA\General\src\main\java>java Test 1 second true "last inde of"
[1, second, true, last inde of]

D:\JAVA\General\src\main\java>javac Test.java
javac: file not found: Test.java
Usage: javac <options> <source files>
use -help for a list of possible options

D:\JAVA\General\src\main\java>javac lesson\date\Test.java

D:\JAVA\General\src\main\java>java lesson.date.Test
[]

D:\JAVA\General\src\main\java>java Test ".java"